// Jest Snapshot v1, https://goo.gl/fbAQLP

exports[`App renders without crashing 1`] = `
<div
  className="App"
>
  <h1>
     Hello React!
  </h1>
  <button
    onClick={[Function]}
  >
    Switch name
  </button>
  <div>
    <p
      onClick={[Function]}
    >
      I'm a person and My name is 
      Shyam
       and I am 
      25
       years old
    </p>
    <p>
       
      My Hobby : TT
    </p>
    <p>
      0
    </p>
    <p
      id="para"
    >
      100
    </p>
    <input
      onChange={[Function]}
      type="text"
    />
  </div>
</div>
`;
